// Jest Snapshot v1, https://goo.gl/fbAQLP

exports[`Button renders and matches button to snapshot 1`] = `
<styled.button
  variant="default"
/>
`;
